
> btp-erp-monorepo@0.0.0 build
> npm --workspace=@btp-erp/web run build && npm --workspace=@btp-erp/api run build


> build
> vite build

[36mvite v6.4.2 [32mbuilding for production...[36m[39m
transforming...
[32mÔ£ô[39m 3705 modules transformed.
rendering chunks...
computing gzip size...
[2mdist/[22m[32mindex.html                 [39m[1m[2m    0.48 kB[22m[1m[22m[2m Ôöé gzip:   0.30 kB[22m
[2mdist/[22m[35massets/index-3jydQrrk.css  [39m[1m[2m  120.83 kB[22m[1m[22m[2m Ôöé gzip:  18.47 kB[22m
[2mdist/[22m[36massets/index-deroDtHN.js   [39m[1m[33m1,971.09 kB[39m[22m[2m Ôöé gzip: 510.16 kB[22m
npm.cmd : [33m
Au caractère Ligne:1 : 63
+ ... e\Projet_BTP\web" ; npm.cmd run build > build_output.txt 2>&1 ; Get-C ...
+                         ~~~~~~~~~~~~~~~~~~~~~~~~~~~~~~~~~~~~~~~~~
    + CategoryInfo          : NotSpecified: ([33m:String) [], RemoteException
    + FullyQualifiedErrorId : NativeCommandError
 
(!) Some chunks are larger than 500 kB after minification. Consider:
- Using dynamic import() to code-split the application
- Use build.rollupOptions.output.manualChunks to improve chunking: 
https://rollupjs.org/configuration-options/#output-manualchunks
- Adjust chunk size limit for this warning via 
build.chunkSizeWarningLimit.[39m
[32mÔ£ô built in 34.98s[39m

> build
> tsc

